[work.yasirkareem.com/beginn/index.html]
[backblue.gif]
[fade.gif]
[index.html]
[stackpath.bootstrapcdn.com/bootstrap/4.1.3/css/bootstrap.min.css]
[use.fontawesome.com/releases/v5.5.0/css/all.css]
[work.yasirkareem.com/beginn/css/flaticon.css]
[cdnjs.cloudflare.com/ajax/libs/lity/2.3.1/lity.min.css]
[work.yasirkareem.com/beginn/css/owl.carousel.min.css]
[work.yasirkareem.com/beginn/css/styles.css]
[work.yasirkareem.com/beginn/img/favicons/apple-touch-icon.png]
[work.yasirkareem.com/beginn/img/favicons/favicon-32x32.png]
[work.yasirkareem.com/beginn/img/favicons/favicon-16x16.png]
[work.yasirkareem.com/beginn/img/favicons/site.webmanifest]
[work.yasirkareem.com/beginn/img/favicons/safari-pinned-tab.svg]
[work.yasirkareem.com/beginn/img/favicons/favicon.ico]
[work.yasirkareem.com/beginn/img/favicons/mstile-144x144.png]
[work.yasirkareem.com/beginn/img/favicons/browserconfig.xml]
[work.yasirkareem.com/beginn/img/logo/logo.png]
[work.yasirkareem.com/beginn/blog.html]
[work.yasirkareem.com/beginn/single-blog.html]
[work.yasirkareem.com/beginn/sign-in.html]
[work.yasirkareem.com/beginn/sign-up.html]
[work.yasirkareem.com/beginn/img/background/dashbord.png]
[work.yasirkareem.com/beginn/img/clients/1.png]
[work.yasirkareem.com/beginn/img/clients/2.png]
[work.yasirkareem.com/beginn/img/clients/3.png]
[work.yasirkareem.com/beginn/img/clients/4.png]
[work.yasirkareem.com/beginn/img/clients/5.png]
[work.yasirkareem.com/beginn/img/clients/6.png]
[work.yasirkareem.com/beginn/img/clients/7.png]
[work.yasirkareem.com/beginn/img/clients/8.png]
[work.yasirkareem.com/beginn/img/background/dashbord-stay-updated.png]
[work.yasirkareem.com/beginn/img/testimonials/1.png]
[work.yasirkareem.com/beginn/img/testimonials/2.png]
[cdnjs.cloudflare.com/ajax/libs/jquery/3.3.1/jquery.min.js]
[cdnjs.cloudflare.com/ajax/libs/popper.js/1.14.3/umd/popper.min.js]
[stackpath.bootstrapcdn.com/bootstrap/4.1.3/js/bootstrap.min.js]
[cdnjs.cloudflare.com/ajax/libs/lity/2.3.1/lity.min.js]
[work.yasirkareem.com/beginn/js/owl.carousel.min.js]
[work.yasirkareem.com/beginn/index.html]
[work.yasirkareem.com/beginn/js/script.js]
[stackpath.bootstrapcdn.com/bootstrap/4.1.3/css/bootstrap.min.css]
[use.fontawesome.com/releases/v5.5.0/css/all.css]
[work.yasirkareem.com/beginn/fonts/flaticon/Flaticon.eot]
[work.yasirkareem.com/beginn/fonts/flaticon/Flaticond41d.eot]
[work.yasirkareem.com/beginn/fonts/flaticon/Flaticon.woff]
[work.yasirkareem.com/beginn/fonts/flaticon/Flaticon.ttf]
[work.yasirkareem.com/beginn/css/Flaticon.svg]
[work.yasirkareem.com/beginn/css/flaticon.css]
[cdnjs.cloudflare.com/ajax/libs/lity/2.3.1/lity.min.css]
[work.yasirkareem.com/beginn/fonts/flaticon/Flaticon.svg]
[work.yasirkareem.com/beginn/css/owl.video.play.png]
[work.yasirkareem.com/beginn/css/owl.carousel.min.css]
[work.yasirkareem.com/beginn/img/background/1.jpg]
[work.yasirkareem.com/beginn/img/blog/1.jpg]
[work.yasirkareem.com/beginn/img/blog/2.jpg]
[work.yasirkareem.com/beginn/img/blog/3.jpg]
[work.yasirkareem.com/beginn/css/styles.css]
[work.yasirkareem.com/beginn/img/favicons/safari-pinned-tab.svg]
[work.yasirkareem.com/beginn/index-2.html]
[work.yasirkareem.com/beginn/blog.html]
[work.yasirkareem.com/beginn/img/testimonials/3.png]
[work.yasirkareem.com/beginn/single-blog.html]
[work.yasirkareem.com/beginn/img/background/elements.svg]
[work.yasirkareem.com/beginn/sign-in.html]
[work.yasirkareem.com/beginn/sign-up.html]
[work.yasirkareem.com/beginn/js/owl.carousel.min.js]
[work.yasirkareem.com/beginn/js/script.js]
[work.yasirkareem.com/beginn/fonts/flaticon/Flaticon.svg]
[work.yasirkareem.com/beginn/css/Flaticon.html]
[work.yasirkareem.com/beginn/css/owl.video.play.html]
[work.yasirkareem.com/beginn/index-2.html]
[work.yasirkareem.com/beginn/img/background/elements.svg]
